MPASM  5.31            46940086_GARCIA_TP.ASM   11-1-2025  16:51:32         PAGE  1


LOC  OBJECT CODE     LINE SOURCE TEXT
  VALUE

                      00001 ;Garcia Ignacio Joaquin - DNI:46940086 - Comision Jueves Turno Tarde
                      00002 #include <p16f84a.inc>
                      00001         LIST
                      00002 ; P16F84A.INC  Standard Header File, Version 2.00    Microchip Technology, Inc.
                      00134         LIST
Warning[205]: Found directive in column 1. (ORG)
0000                  00003 ORG 0X00
                      00004 
Warning[203]: Found opcode in column 1. (BSF)
0000   1683           00005 BSF STATUS, RP0
Message[302]: Register in operand not in bank 0.  Ensure that bank bits are correct.
0001   1085           00006         BCF TRISA,1
Message[302]: Register in operand not in bank 0.  Ensure that bank bits are correct.
0002   1585           00007         BSF TRISA,3
0003   3000           00008         MOVLW b'00000000'
Message[302]: Register in operand not in bank 0.  Ensure that bank bits are correct.
0004   0086           00009         MOVWF TRISB
Warning[203]: Found opcode in column 1. (BCF)
0005   1283           00010 BCF STATUS,RP0
                      00011 
  00000020            00012 contador EQU 0X20
  00000021            00013 repeticiones EQU 0X21
  00000022            00014 repeticiones2 EQU 0X22
  00000023            00015 repeticiones3 EQU 0X23
  00000024            00016 repeticiones4 EQU 0X24
0006   3009           00017         MOVLW d'9'
0007   00A0           00018         MOVWF contador
Warning[203]: Found opcode in column 1. (CLRF)
0008   0185           00019 CLRF PORTA
Warning[203]: Found opcode in column 1. (CLRF)
0009   0186           00020 CLRF PORTB
                      00021 
000A                  00022 bucleMain:
000A   1D85           00023         BTFSS PORTA,3
000B   280A           00024                 GOTO bucleMain
000C                  00025 empezarBomba:
000C   0820           00026         MOVF contador,w
000D   202F           00027         CALL tablaDisplay
000E   0086           00028         MOVWF PORTB
000F   1485           00029         BSF PORTA, 1
0010   2019           00030         CALL delayCorto
0011   1085           00031         BCF PORTA, 1
                      00032 
0012   2022           00033         CALL delayLargo
0013   0BA0           00034         DECFSZ contador,f               
0014   280C           00035                 GOTO empezarBomba
0015   0820           00036         MOVF contador,w ; 
0016   202F           00037         CALL tablaDisplay
0017   0086           00038         MOVWF PORTB
0018   283A           00039         GOTO explosion
                      00040 
0019                  00041 delayCorto:
0019   304B           00042         MOVLW d'75'
MPASM  5.31            46940086_GARCIA_TP.ASM   11-1-2025  16:51:32         PAGE  2


LOC  OBJECT CODE     LINE SOURCE TEXT
  VALUE

001A   00A2           00043         MOVWF repeticiones2
001B   30FF           00044         MOVLW d'255'
001C   00A1           00045         MOVWF repeticiones
001D                  00046 delayCortoRep:
001D   0BA1           00047         DECFSZ repeticiones,f
001E   281D           00048                 GOTO delayCortoRep
001F   0BA2           00049         DECFSZ repeticiones2,f
0020   281D           00050                 GOTO delayCortoRep
0021   0008           00051         RETURN
                      00052 
0022                  00053 delayLargo:
0022   3002           00054         MOVLW d'2'
0023   00A3           00055         MOVWF repeticiones3
0024                  00056 delayCortoL2:
0024   30FF           00057         MOVLW d'255'
0025   00A2           00058         MOVWF repeticiones2
0026                  00059 delayCortoL:
0026   30FF           00060         MOVLW d'255'
0027   00A1           00061         MOVWF repeticiones
0028                  00062 delayCortoRepL:
0028   0BA1           00063         DECFSZ repeticiones,f
0029   2828           00064                 GOTO delayCortoRepL
002A   0BA2           00065         DECFSZ repeticiones2,f
002B   2826           00066                 GOTO delayCortoL
002C   0BA3           00067         DECFSZ repeticiones3,f
002D   2824           00068                 GOTO delayCortoL2
002E   0008           00069         RETURN
                      00070 
002F                  00071 tablaDisplay:
002F   0782           00072         ADDWF PCL,F
0030   343F           00073         RETLW B'00111111' ;0    
0031   3406           00074         RETLW B'00000110' ;1
0032   345B           00075         RETLW B'01011011' ;2
0033   344F           00076         RETLW B'01001111' ;3
0034   3466           00077         RETLW B'01100110' ;4
0035   346D           00078         RETLW B'01101101' ;5
0036   347D           00079         RETLW B'01111101' ;6
0037   3407           00080         RETLW B'00000111' ;7
0038   347F           00081         RETLW B'01111111' ;8
0039   346F           00082         RETLW B'01101111' ;9
                      00083 
003A                  00084 explosion:
003A   1786           00085         BSF PORTB, 7
003B   3008           00086         MOVLW d'8'
003C   00A4           00087         MOVWF repeticiones4
003D                  00088 mantenerExplosion:
003D   2022           00089         CALL delayLargo
Message[305]: Using default destination of 1 (file).
003E   0BA4           00090         DECFSZ repeticiones4
003F   283D           00091                 GOTO mantenerExplosion
0040   1386           00092         BCF PORTB, 7
Warning[205]: Found directive in column 1. (END)
                      00093 END
MPASM  5.31            46940086_GARCIA_TP.ASM   11-1-2025  16:51:32         PAGE  3


SYMBOL TABLE
  LABEL                             VALUE 

C                                 00000000
DC                                00000001
EEADR                             00000009
EECON1                            00000088
EECON2                            00000089
EEDATA                            00000008
EEIE                              00000006
EEIF                              00000004
F                                 00000001
FSR                               00000004
GIE                               00000007
INDF                              00000000
INTCON                            0000000B
INTE                              00000004
INTEDG                            00000006
INTF                              00000001
IRP                               00000007
NOT_PD                            00000003
NOT_RBPU                          00000007
NOT_TO                            00000004
OPTION_REG                        00000081
PCL                               00000002
PCLATH                            0000000A
PORTA                             00000005
PORTB                             00000006
PS0                               00000000
PS1                               00000001
PS2                               00000002
PSA                               00000003
RBIE                              00000003
RBIF                              00000000
RD                                00000000
RP0                               00000005
RP1                               00000006
STATUS                            00000003
T0CS                              00000005
T0IE                              00000005
T0IF                              00000002
T0SE                              00000004
TMR0                              00000001
TRISA                             00000085
TRISB                             00000086
W                                 00000000
WR                                00000001
WREN                              00000002
WRERR                             00000003
Z                                 00000002
_CP_OFF                           00003FFF
_CP_ON                            0000000F
_HS_OSC                           00003FFE
_LP_OSC                           00003FFC
_PWRTE_OFF                        00003FFF
_PWRTE_ON                         00003FF7
MPASM  5.31            46940086_GARCIA_TP.ASM   11-1-2025  16:51:32         PAGE  4


SYMBOL TABLE
  LABEL                             VALUE 

_RC_OSC                           00003FFF
_WDT_OFF                          00003FFB
_WDT_ON                           00003FFF
_XT_OSC                           00003FFD
__16F84A                          00000001
__DEBUG                           1
bucleMain                         0000000A
contador                          00000020
delayCorto                        00000019
delayCortoL                       00000026
delayCortoL2                      00000024
delayCortoRep                     0000001D
delayCortoRepL                    00000028
delayLargo                        00000022
empezarBomba                      0000000C
explosion                         0000003A
mantenerExplosion                 0000003D
repeticiones                      00000021
repeticiones2                     00000022
repeticiones3                     00000023
repeticiones4                     00000024
tablaDisplay                      0000002F


MEMORY USAGE MAP ('X' = Used,  '-' = Unused)

0000 : XXXXXXXXXXXXXXXX XXXXXXXXXXXXXXXX XXXXXXXXXXXXXXXX XXXXXXXXXXXXXXXX
0040 : X--------------- ---------------- ---------------- ----------------

All other memory blocks unused.

Program Memory Words Used:    65
Program Memory Words Free:   959


Errors   :     0
Warnings :     6 reported,     0 suppressed
Messages :     4 reported,     0 suppressed

