MPLINK 4.31, Linker
Linker Map File - Created Sat Nov 01 16:51:33 2025

                                 Section Info
                  Section       Type    Address   Location Size(Bytes)
                ---------  ---------  ---------  ---------  ---------
                   .org_0       code   0x000000    program   0x000000
                   .org_1       code   0x000000    program   0x000082



                              Program Memory Usage 
                               Start         End      
                           ---------   ---------      
                            0x000000    0x000040      
            65 out of 1093 program addresses used, program memory utilization is 5%



                              Symbols - Sorted by Name
                     Name    Address   Location    Storage File                     
                ---------  ---------  ---------  --------- ---------                
                bucleMain   0x00000a    program     static D:\Facultad\UNLa\Carrera Sistemas\Materias\Arquitectura de Computadoras - Roberto Garcia\Tp Final - Bomba\Codigo\46940086_Garcia_TP.asm
               delayCorto   0x000019    program     static D:\Facultad\UNLa\Carrera Sistemas\Materias\Arquitectura de Computadoras - Roberto Garcia\Tp Final - Bomba\Codigo\46940086_Garcia_TP.asm
              delayCortoL   0x000026    program     static D:\Facultad\UNLa\Carrera Sistemas\Materias\Arquitectura de Computadoras - Roberto Garcia\Tp Final - Bomba\Codigo\46940086_Garcia_TP.asm
             delayCortoL2   0x000024    program     static D:\Facultad\UNLa\Carrera Sistemas\Materias\Arquitectura de Computadoras - Roberto Garcia\Tp Final - Bomba\Codigo\46940086_Garcia_TP.asm
            delayCortoRep   0x00001d    program     static D:\Facultad\UNLa\Carrera Sistemas\Materias\Arquitectura de Computadoras - Roberto Garcia\Tp Final - Bomba\Codigo\46940086_Garcia_TP.asm
           delayCortoRepL   0x000028    program     static D:\Facultad\UNLa\Carrera Sistemas\Materias\Arquitectura de Computadoras - Roberto Garcia\Tp Final - Bomba\Codigo\46940086_Garcia_TP.asm
               delayLargo   0x000022    program     static D:\Facultad\UNLa\Carrera Sistemas\Materias\Arquitectura de Computadoras - Roberto Garcia\Tp Final - Bomba\Codigo\46940086_Garcia_TP.asm
             empezarBomba   0x00000c    program     static D:\Facultad\UNLa\Carrera Sistemas\Materias\Arquitectura de Computadoras - Roberto Garcia\Tp Final - Bomba\Codigo\46940086_Garcia_TP.asm
                explosion   0x00003a    program     static D:\Facultad\UNLa\Carrera Sistemas\Materias\Arquitectura de Computadoras - Roberto Garcia\Tp Final - Bomba\Codigo\46940086_Garcia_TP.asm
        mantenerExplosion   0x00003d    program     static D:\Facultad\UNLa\Carrera Sistemas\Materias\Arquitectura de Computadoras - Roberto Garcia\Tp Final - Bomba\Codigo\46940086_Garcia_TP.asm
             tablaDisplay   0x00002f    program     static D:\Facultad\UNLa\Carrera Sistemas\Materias\Arquitectura de Computadoras - Roberto Garcia\Tp Final - Bomba\Codigo\46940086_Garcia_TP.asm



                              Symbols - Sorted by Address
                     Name    Address   Location    Storage File                     
                ---------  ---------  ---------  --------- ---------                
                bucleMain   0x00000a    program     static D:\Facultad\UNLa\Carrera Sistemas\Materias\Arquitectura de Computadoras - Roberto Garcia\Tp Final - Bomba\Codigo\46940086_Garcia_TP.asm
             empezarBomba   0x00000c    program     static D:\Facultad\UNLa\Carrera Sistemas\Materias\Arquitectura de Computadoras - Roberto Garcia\Tp Final - Bomba\Codigo\46940086_Garcia_TP.asm
               delayCorto   0x000019    program     static D:\Facultad\UNLa\Carrera Sistemas\Materias\Arquitectura de Computadoras - Roberto Garcia\Tp Final - Bomba\Codigo\46940086_Garcia_TP.asm
            delayCortoRep   0x00001d    program     static D:\Facultad\UNLa\Carrera Sistemas\Materias\Arquitectura de Computadoras - Roberto Garcia\Tp Final - Bomba\Codigo\46940086_Garcia_TP.asm
               delayLargo   0x000022    program     static D:\Facultad\UNLa\Carrera Sistemas\Materias\Arquitectura de Computadoras - Roberto Garcia\Tp Final - Bomba\Codigo\46940086_Garcia_TP.asm
             delayCortoL2   0x000024    program     static D:\Facultad\UNLa\Carrera Sistemas\Materias\Arquitectura de Computadoras - Roberto Garcia\Tp Final - Bomba\Codigo\46940086_Garcia_TP.asm
              delayCortoL   0x000026    program     static D:\Facultad\UNLa\Carrera Sistemas\Materias\Arquitectura de Computadoras - Roberto Garcia\Tp Final - Bomba\Codigo\46940086_Garcia_TP.asm
           delayCortoRepL   0x000028    program     static D:\Facultad\UNLa\Carrera Sistemas\Materias\Arquitectura de Computadoras - Roberto Garcia\Tp Final - Bomba\Codigo\46940086_Garcia_TP.asm
             tablaDisplay   0x00002f    program     static D:\Facultad\UNLa\Carrera Sistemas\Materias\Arquitectura de Computadoras - Roberto Garcia\Tp Final - Bomba\Codigo\46940086_Garcia_TP.asm
                explosion   0x00003a    program     static D:\Facultad\UNLa\Carrera Sistemas\Materias\Arquitectura de Computadoras - Roberto Garcia\Tp Final - Bomba\Codigo\46940086_Garcia_TP.asm
        mantenerExplosion   0x00003d    program     static D:\Facultad\UNLa\Carrera Sistemas\Materias\Arquitectura de Computadoras - Roberto Garcia\Tp Final - Bomba\Codigo\46940086_Garcia_TP.asm


